D:\os\DB-labs\src\main\java\ua\lviv\iot\service\impl\ReporterServiceImpl.java
D:\os\DB-labs\src\main\java\ua\lviv\iot\dao\RescueVehicleDao.java
D:\os\DB-labs\src\main\java\ua\lviv\iot\dto\callhasrescuer\CallHasRescuerDto.java
D:\os\DB-labs\src\main\java\ua\lviv\iot\mappers\RescueVehicleMapper.java
D:\os\DB-labs\src\main\java\ua\lviv\iot\dto\callhasrescuevehicle\CallHasRescueVehicleDto.java
D:\os\DB-labs\src\main\java\ua\lviv\iot\exception\NoDataFoundException.java
D:\os\DB-labs\src\main\java\ua\lviv\iot\model\Rescuer.java
D:\os\DB-labs\src\main\java\ua\lviv\iot\service\impl\InjuryServiceImpl.java
D:\os\DB-labs\src\main\java\ua\lviv\iot\service\CallHasRescueVehicleService.java
D:\os\DB-labs\src\main\java\ua\lviv\iot\mappers\CallHasRescueVehicleMapper.java
D:\os\DB-labs\src\main\java\ua\lviv\iot\dto\rescuevehicle\RescueVehicleDto.java
D:\os\DB-labs\src\main\java\ua\lviv\iot\mappers\ReporterMapper.java
D:\os\DB-labs\src\main\java\ua\lviv\iot\dto\hospital\HospitalDto.java
D:\os\DB-labs\src\main\java\ua\lviv\iot\controller\RescueVehicleController.java
D:\os\DB-labs\src\main\java\ua\lviv\iot\service\impl\CallAddressServiceImpl.java
D:\os\DB-labs\src\main\java\ua\lviv\iot\mappers\HospitalMapper.java
D:\os\DB-labs\src\main\java\ua\lviv\iot\dto\call\CreateUpdateCallDto.java
D:\os\DB-labs\src\main\java\ua\lviv\iot\model\Hospital.java
D:\os\DB-labs\src\main\java\ua\lviv\iot\dao\CallDao.java
D:\os\DB-labs\src\main\java\ua\lviv\iot\dao\InjuryDao.java
D:\os\DB-labs\src\main\java\ua\lviv\iot\dto\reporter\ReporterDto.java
D:\os\DB-labs\src\main\java\ua\lviv\iot\mappers\CallMapper.java
D:\os\DB-labs\src\main\java\ua\lviv\iot\controller\HospitalController.java
D:\os\DB-labs\src\main\java\ua\lviv\iot\mappers\InjuryMapper.java
D:\os\DB-labs\src\main\java\ua\lviv\iot\service\impl\CallHasRescueVehicleServiceImpl.java
D:\os\DB-labs\src\main\java\ua\lviv\iot\dao\CallAddressDao.java
D:\os\DB-labs\src\main\java\ua\lviv\iot\dto\calladdress\CallAddressDto.java
D:\os\DB-labs\src\main\java\ua\lviv\iot\model\RescueVehicle.java
D:\os\DB-labs\src\main\java\ua\lviv\iot\dao\ReporterDao.java
D:\os\DB-labs\src\main\java\ua\lviv\iot\model\compositekey\CallRescuerId.java
D:\os\DB-labs\src\main\java\ua\lviv\iot\dto\rescuer\RescuerDto.java
D:\os\DB-labs\src\main\java\ua\lviv\iot\service\impl\CallHasRescuerServiceImpl.java
D:\os\DB-labs\src\main\java\ua\lviv\iot\model\CallAddress.java
D:\os\DB-labs\src\main\java\ua\lviv\iot\controller\CallController.java
D:\os\DB-labs\src\main\java\ua\lviv\iot\controller\CallAddressController.java
D:\os\DB-labs\src\main\java\ua\lviv\iot\controller\InjuryController.java
D:\os\DB-labs\src\main\java\ua\lviv\iot\exception\handler\ApiExceptionHandler.java
D:\os\DB-labs\src\main\java\ua\lviv\iot\service\CallHasRescuerService.java
D:\os\DB-labs\src\main\java\ua\lviv\iot\exception\InvalidDateTimeException.java
D:\os\DB-labs\src\main\java\ua\lviv\iot\service\impl\HospitalServiceImpl.java
D:\os\DB-labs\src\main\java\ua\lviv\iot\controller\CallHasRescueVehicleController.java
D:\os\DB-labs\src\main\java\ua\lviv\iot\dao\CallHasRescuerDao.java
D:\os\DB-labs\src\main\java\ua\lviv\iot\service\impl\RescuerServiceImpl.java
D:\os\DB-labs\src\main\java\ua\lviv\iot\mappers\RescuerMapper.java
D:\os\DB-labs\src\main\java\ua\lviv\iot\controller\CallHasRescuerController.java
D:\os\DB-labs\src\main\java\ua\lviv\iot\model\CallHasRescueVehicle.java
D:\os\DB-labs\src\main\java\ua\lviv\iot\service\RescuerService.java
D:\os\DB-labs\src\main\java\ua\lviv\iot\mappers\CallHasRescuerMapper.java
D:\os\DB-labs\src\main\java\ua\lviv\iot\model\Injury.java
D:\os\DB-labs\src\main\java\ua\lviv\iot\service\CallService.java
D:\os\DB-labs\src\main\java\ua\lviv\iot\model\compositekey\CallRescueVehicleId.java
D:\os\DB-labs\src\main\java\ua\lviv\iot\service\impl\RescueVehicleServiceImpl.java
D:\os\DB-labs\src\main\java\ua\lviv\iot\exception\EntityAlreadyExistsException.java
D:\os\DB-labs\src\main\java\ua\lviv\iot\service\impl\CallServiceImpl.java
D:\os\DB-labs\src\main\java\ua\lviv\iot\model\Call.java
D:\os\DB-labs\src\main\java\ua\lviv\iot\model\CallHasRescuer.java
D:\os\DB-labs\src\main\java\ua\lviv\iot\App.java
D:\os\DB-labs\src\main\java\ua\lviv\iot\service\RescueVehicleService.java
D:\os\DB-labs\src\main\java\ua\lviv\iot\service\HospitalService.java
D:\os\DB-labs\src\main\java\ua\lviv\iot\service\InjuryService.java
D:\os\DB-labs\src\main\java\ua\lviv\iot\dao\RescuerDao.java
D:\os\DB-labs\src\main\java\ua\lviv\iot\dto\call\CallDto.java
D:\os\DB-labs\src\main\java\ua\lviv\iot\mappers\CallAddressMapper.java
D:\os\DB-labs\src\main\java\ua\lviv\iot\model\enums\Position.java
D:\os\DB-labs\src\main\java\ua\lviv\iot\model\Reporter.java
D:\os\DB-labs\src\main\java\ua\lviv\iot\service\CallAddressService.java
D:\os\DB-labs\src\main\java\ua\lviv\iot\dto\injury\InjuryDto.java
D:\os\DB-labs\src\main\java\ua\lviv\iot\controller\RescuerController.java
D:\os\DB-labs\src\main\java\ua\lviv\iot\dao\HospitalDao.java
D:\os\DB-labs\src\main\java\ua\lviv\iot\controller\ReporterController.java
D:\os\DB-labs\src\main\java\ua\lviv\iot\exception\handler\ApiException.java
D:\os\DB-labs\src\main\java\ua\lviv\iot\exception\ForeignKeyConstraintException.java
D:\os\DB-labs\src\main\java\ua\lviv\iot\dao\CallHasRescueVehicleDao.java
D:\os\DB-labs\src\main\java\ua\lviv\iot\service\ReporterService.java
